// Jest Snapshot v1, https://goo.gl/fbAQLP

exports[`<Column /> Should render 1`] = `
<div
  className="sc-bdVaJa dzUGjy"
>
  Content here
</div>
`;
