// Jest Snapshot v1, https://goo.gl/fbAQLP

exports[`<Row /> Should render 1`] = `
<div
  className="sc-bdVaJa hYebyD"
>
  Content here
</div>
`;
